<?xml version="1.0" encoding="UTF-8"?>
<testsuites name="jest tests" tests="3" failures="0" errors="0" time="1.142">
  <testsuite name="Math functions" errors="0" failures="0" skipped="0" timestamp="2025-07-09T04:16:30" time="0.917" tests="3">
    <testcase classname="Math functions adds two numbers correctly" name="Math functions adds two numbers correctly" time="0.007">
    </testcase>
    <testcase classname="Math functions multiplies two numbers correctly" name="Math functions multiplies two numbers correctly" time="0.001">
    </testcase>
    <testcase classname="Math functions handles negative numbers" name="Math functions handles negative numbers" time="0.001">
    </testcase>
  </testsuite>
</testsuites>